127.0.0.1 - - [06/May/2021:20:27:45 -0300] "GET / HTTP/1.1" 404 1086
0:0:0:0:0:0:0:1 - - [06/May/2021:20:27:46 -0300] "GET /springmvc/ HTTP/1.1" 200 52
0:0:0:0:0:0:0:1 - - [06/May/2021:20:28:18 -0300] "GET /springmvc/views/hello HTTP/1.1" 404 1059
0:0:0:0:0:0:0:1 - - [06/May/2021:20:28:18 -0300] "GET /favicon.ico HTTP/1.1" 404 1097
0:0:0:0:0:0:0:1 - - [06/May/2021:20:28:48 -0300] "GET /views/hello HTTP/1.1" 404 1101
0:0:0:0:0:0:0:1 - - [06/May/2021:20:28:59 -0300] "GET /springmvc/views/hello HTTP/1.1" 404 1059
0:0:0:0:0:0:0:1 - - [06/May/2021:20:29:02 -0300] "GET /springmvc/views/hello/ HTTP/1.1" 404 1059
0:0:0:0:0:0:0:1 - - [06/May/2021:20:29:16 -0300] "GET /springmvc/views//hello/ HTTP/1.1" 404 1059
127.0.0.1 - - [06/May/2021:20:29:35 -0300] "GET / HTTP/1.1" 404 1086
0:0:0:0:0:0:0:1 - - [06/May/2021:20:29:40 -0300] "GET /springmvc/views//hello/ HTTP/1.1" 404 1059
0:0:0:0:0:0:0:1 - - [06/May/2021:20:29:44 -0300] "GET /springmvc/views/hello/ HTTP/1.1" 404 1059
0:0:0:0:0:0:0:1 - - [06/May/2021:20:30:14 -0300] "GET /springmvc/ HTTP/1.1" 200 52
0:0:0:0:0:0:0:1 - - [06/May/2021:20:30:22 -0300] "GET /views/hello HTTP/1.1" 404 1101
0:0:0:0:0:0:0:1 - - [06/May/2021:20:30:27 -0300] "GET /views//hello HTTP/1.1" 404 1106
0:0:0:0:0:0:0:1 - - [06/May/2021:20:30:33 -0300] "GET /views/hello.jsp HTTP/1.1" 404 1105
0:0:0:0:0:0:0:1 - - [06/May/2021:20:30:42 -0300] "GET /springmvc/views/hello.jsp HTTP/1.1" 404 1119
0:0:0:0:0:0:0:1 - - [06/May/2021:20:31:00 -0300] "GET /springmvc/hello HTTP/1.1" 404 1059
127.0.0.1 - - [06/May/2021:20:31:24 -0300] "GET / HTTP/1.1" 404 1086
0:0:0:0:0:0:0:1 - - [06/May/2021:20:31:30 -0300] "GET /springmvc/hello HTTP/1.1" 404 1059
0:0:0:0:0:0:0:1 - - [06/May/2021:20:31:34 -0300] "GET /springmvc/ HTTP/1.1" 200 52
127.0.0.1 - - [06/May/2021:20:35:06 -0300] "GET / HTTP/1.1" 404 1086
0:0:0:0:0:0:0:1 - - [06/May/2021:20:36:13 -0300] "GET /springmvc/ HTTP/1.1" 200 52
127.0.0.1 - - [06/May/2021:20:37:45 -0300] "GET / HTTP/1.1" 404 1086
0:0:0:0:0:0:0:1 - - [06/May/2021:20:37:52 -0300] "GET /springmvc/hello HTTP/1.1" 404 1105
127.0.0.1 - - [06/May/2021:20:38:15 -0300] "GET / HTTP/1.1" 404 1086
0:0:0:0:0:0:0:1 - - [06/May/2021:20:38:21 -0300] "GET /springmvc/hello HTTP/1.1" 404 1105
127.0.0.1 - - [06/May/2021:20:39:00 -0300] "GET / HTTP/1.1" 200 52
0:0:0:0:0:0:0:1 - - [06/May/2021:20:39:07 -0300] "GET /hello HTTP/1.1" 404 1091
127.0.0.1 - - [06/May/2021:20:45:01 -0300] "GET / HTTP/1.1" 404 1086
0:0:0:0:0:0:0:1 - - [06/May/2021:20:45:06 -0300] "GET /hello HTTP/1.1" 404 1091
0:0:0:0:0:0:0:1 - - [06/May/2021:20:45:12 -0300] "GET /springmvc/ HTTP/1.1" 200 52
127.0.0.1 - - [06/May/2021:20:46:27 -0300] "GET / HTTP/1.1" 404 1086
0:0:0:0:0:0:0:1 - - [06/May/2021:20:46:30 -0300] "GET /springmvc/ HTTP/1.1" 200 52
0:0:0:0:0:0:0:1 - - [06/May/2021:20:46:35 -0300] "GET /springmvc/hello HTTP/1.1" 404 1105
0:0:0:0:0:0:0:1 - - [06/May/2021:20:46:45 -0300] "GET /hello HTTP/1.1" 404 1091
127.0.0.1 - - [06/May/2021:20:52:58 -0300] "GET / HTTP/1.1" 404 1086
0:0:0:0:0:0:0:1 - - [06/May/2021:20:53:04 -0300] "GET /hello HTTP/1.1" 404 1091
0:0:0:0:0:0:0:1 - - [06/May/2021:20:53:08 -0300] "GET /springmvc/ HTTP/1.1" 200 52
0:0:0:0:0:0:0:1 - - [06/May/2021:20:53:13 -0300] "GET /springmvc/hello HTTP/1.1" 404 1105
127.0.0.1 - - [06/May/2021:20:53:47 -0300] "GET / HTTP/1.1" 404 1086
0:0:0:0:0:0:0:1 - - [06/May/2021:20:53:50 -0300] "GET /springmvc/hello HTTP/1.1" 404 1105
0:0:0:0:0:0:0:1 - - [06/May/2021:20:53:54 -0300] "GET /springmvc/hello HTTP/1.1" 404 1105
0:0:0:0:0:0:0:1 - - [06/May/2021:20:53:58 -0300] "GET /hello HTTP/1.1" 404 1091
0:0:0:0:0:0:0:1 - - [06/May/2021:20:54:03 -0300] "GET /springmvc/hello HTTP/1.1" 404 1105
0:0:0:0:0:0:0:1 - - [06/May/2021:20:54:06 -0300] "GET /springmvc HTTP/1.1" 302 -
0:0:0:0:0:0:0:1 - - [06/May/2021:20:54:06 -0300] "GET /springmvc/ HTTP/1.1" 200 52
127.0.0.1 - - [06/May/2021:20:54:30 -0300] "GET / HTTP/1.1" 404 1086
0:0:0:0:0:0:0:1 - - [06/May/2021:20:54:35 -0300] "GET /springmvc/hello HTTP/1.1" 404 1105
0:0:0:0:0:0:0:1 - - [06/May/2021:20:54:40 -0300] "GET //hello HTTP/1.1" 404 1096
127.0.0.1 - - [06/May/2021:20:55:20 -0300] "GET / HTTP/1.1" 404 1086
0:0:0:0:0:0:0:1 - - [06/May/2021:20:55:34 -0300] "GET /springmvc/ HTTP/1.1" 200 52
0:0:0:0:0:0:0:1 - - [06/May/2021:20:55:39 -0300] "GET /springmvc/hello HTTP/1.1" 404 1105
127.0.0.1 - - [06/May/2021:20:58:36 -0300] "GET / HTTP/1.1" 404 1086
0:0:0:0:0:0:0:1 - - [06/May/2021:20:58:59 -0300] "GET /springmvc/hello HTTP/1.1" 404 1105
0:0:0:0:0:0:0:1 - - [06/May/2021:20:59:12 -0300] "GET /springmvc//hello HTTP/1.1" 404 1110
127.0.0.1 - - [06/May/2021:20:59:38 -0300] "GET / HTTP/1.1" 404 1086
0:0:0:0:0:0:0:1 - - [06/May/2021:20:59:43 -0300] "GET /springmvc//hello HTTP/1.1" 404 1110
0:0:0:0:0:0:0:1 - - [06/May/2021:20:59:48 -0300] "GET /springmvc/hello HTTP/1.1" 404 1105
127.0.0.1 - - [06/May/2021:21:01:01 -0300] "GET / HTTP/1.1" 404 1086
0:0:0:0:0:0:0:1 - - [06/May/2021:21:01:49 -0300] "GET /springmvc/hello HTTP/1.1" 404 1105
127.0.0.1 - - [06/May/2021:21:03:48 -0300] "GET / HTTP/1.1" 404 1086
0:0:0:0:0:0:0:1 - - [06/May/2021:21:04:04 -0300] "GET /springmvc/hello HTTP/1.1" 200 154
127.0.0.1 - - [06/May/2021:21:04:43 -0300] "GET / HTTP/1.1" 404 1086
0:0:0:0:0:0:0:1 - - [06/May/2021:21:04:52 -0300] "GET /springmvc/hello HTTP/1.1" 200 154
127.0.0.1 - - [06/May/2021:21:05:44 -0300] "GET / HTTP/1.1" 404 1086
0:0:0:0:0:0:0:1 - - [06/May/2021:21:05:50 -0300] "GET /springmvc/hello HTTP/1.1" 200 154
127.0.0.1 - - [06/May/2021:21:41:29 -0300] "GET / HTTP/1.1" 404 1086
0:0:0:0:0:0:0:1 - - [06/May/2021:21:41:57 -0300] "GET /springmvc/hello HTTP/1.1" 500 5094
127.0.0.1 - - [06/May/2021:21:42:31 -0300] "GET / HTTP/1.1" 404 1086
0:0:0:0:0:0:0:1 - - [06/May/2021:21:42:35 -0300] "GET /springmvc/hello HTTP/1.1" 200 215
0:0:0:0:0:0:0:1 - - [06/May/2021:21:43:36 -0300] "GET /springmvc/hello HTTP/1.1" 200 230
0:0:0:0:0:0:0:1 - - [06/May/2021:21:45:26 -0300] "GET /springmvc/hello HTTP/1.1" 200 291
0:0:0:0:0:0:0:1 - - [06/May/2021:21:45:37 -0300] "GET /springmvc/hello HTTP/1.1" 200 296
127.0.0.1 - - [06/May/2021:21:46:24 -0300] "GET / HTTP/1.1" 404 1086
0:0:0:0:0:0:0:1 - - [06/May/2021:21:46:29 -0300] "GET /springmvc/hello HTTP/1.1" 200 296
127.0.0.1 - - [06/May/2021:21:49:02 -0300] "GET / HTTP/1.1" 404 1086
0:0:0:0:0:0:0:1 - - [06/May/2021:21:49:11 -0300] "GET /springmvc/hello HTTP/1.1" 200 296
0:0:0:0:0:0:0:1 - - [06/May/2021:21:49:18 -0300] "GET /springmvc/hello HTTP/1.1" 200 296
127.0.0.1 - - [06/May/2021:21:50:10 -0300] "GET / HTTP/1.1" 404 1086
0:0:0:0:0:0:0:1 - - [06/May/2021:21:50:18 -0300] "GET /springmvc/hello HTTP/1.1" 200 289
127.0.0.1 - - [06/May/2021:21:59:37 -0300] "GET / HTTP/1.1" 404 1086
0:0:0:0:0:0:0:1 - - [06/May/2021:21:59:49 -0300] "GET /springmvc/displayObject HTTP/1.1" 200 277
127.0.0.1 - - [06/May/2021:22:13:52 -0300] "GET / HTTP/1.1" 404 1086
0:0:0:0:0:0:0:1 - - [06/May/2021:22:14:01 -0300] "GET /springmvc/displayList HTTP/1.1" 200 321
127.0.0.1 - - [06/May/2021:22:39:31 -0300] "GET / HTTP/1.1" 404 1086
0:0:0:0:0:0:0:1 - - [06/May/2021:22:39:37 -0300] "GET /springmvc/registrationPage HTTP/1.1" 200 219
0:0:0:0:0:0:0:1 - - [06/May/2021:22:40:32 -0300] "GET /springmvc/registrationPage HTTP/1.1" 200 364
0:0:0:0:0:0:0:1 - - [06/May/2021:22:40:54 -0300] "GET /springmvc/registrationPage HTTP/1.1" 200 384
127.0.0.1 - - [06/May/2021:22:48:29 -0300] "GET / HTTP/1.1" 404 1086
0:0:0:0:0:0:0:1 - - [06/May/2021:22:48:39 -0300] "GET /springmvc/registrationPage HTTP/1.1" 200 384
0:0:0:0:0:0:0:1 - - [06/May/2021:22:48:48 -0300] "POST /springmvc/registerUser HTTP/1.1" 200 384
127.0.0.1 - - [06/May/2021:22:54:44 -0300] "GET / HTTP/1.1" 404 1086
0:0:0:0:0:0:0:1 - - [06/May/2021:22:54:50 -0300] "GET /springmvc/registerUser HTTP/1.1" 405 1114
127.0.0.1 - - [06/May/2021:22:55:45 -0300] "GET / HTTP/1.1" 404 1086
0:0:0:0:0:0:0:1 - - [06/May/2021:22:55:53 -0300] "GET /springmvc/registerUser HTTP/1.1" 405 1114
0:0:0:0:0:0:0:1 - - [06/May/2021:22:56:11 -0300] "GET /springmvc/registrationPage HTTP/1.1" 200 384
0:0:0:0:0:0:0:1 - - [06/May/2021:22:56:18 -0300] "POST /springmvc/registerUser HTTP/1.1" 200 218
127.0.0.1 - - [06/May/2021:23:04:49 -0300] "GET / HTTP/1.1" 404 1086
0:0:0:0:0:0:0:1 - - [06/May/2021:23:06:10 -0300] "GET /springmvc/showData?id=1&name=teste&sal=100 HTTP/1.1" 200 384
127.0.0.1 - - [06/May/2021:23:09:51 -0300] "GET / HTTP/1.1" 404 1086
0:0:0:0:0:0:0:1 - - [06/May/2021:23:10:05 -0300] "GET /springmvc/showData?id=1&name=teste HTTP/1.1" 200 384
127.0.0.1 - - [06/May/2021:23:29:23 -0300] "GET / HTTP/1.1" 404 1086
0:0:0:0:0:0:0:1 - - [06/May/2021:23:29:34 -0300] "GET /springmvc/registrationPage HTTP/1.1" 200 384
0:0:0:0:0:0:0:1 - - [06/May/2021:23:29:45 -0300] "POST /springmvc/registerUser HTTP/1.1" 200 217
